version https://git-lfs.github.com/spec/v1
oid sha256:a24f3badb444235740a231fe13405acf25c40c5292d7da2ebb008d21ff97fb3c
size 246
