version https://git-lfs.github.com/spec/v1
oid sha256:f9a0eb85204c90f76fe9716a7eecfbd0d92471fd2d9d770591c787c50a3fa13b
size 246
