version https://git-lfs.github.com/spec/v1
oid sha256:4eb3efd957aa19936080b34c2c6c4cbe9ddb6fc40262442578048f5bd4218176
size 28
