version https://git-lfs.github.com/spec/v1
oid sha256:4119c2211463ee4a20dcb4cce2bac04765f33c538a9693ba90367298ec7a7aab
size 102
