version https://git-lfs.github.com/spec/v1
oid sha256:9238b04244c715d7bfdaf9e9bd73ab255ad00de28e5724bbc739b55d4fa69f83
size 19
