version https://git-lfs.github.com/spec/v1
oid sha256:d492d2fd3e0c1c5769d62c8525e737365d5999c069e1e44881e8adfcc24faceb
size 31
