version https://git-lfs.github.com/spec/v1
oid sha256:cdabac07d839323b72da3dc0941dd48f9a95f88b89c14dfac1fef2ac8d162a4b
size 298
