version https://git-lfs.github.com/spec/v1
oid sha256:52b690707a14b3ea472506f1f7d296b5cb60c6c16d149c1b9285e119ea5fb1f5
size 61
