version https://git-lfs.github.com/spec/v1
oid sha256:5838e5a6d78dac41503b9509a8ac4c0d1c9ef129daa228ca25a27fb8281363c2
size 74
