version https://git-lfs.github.com/spec/v1
oid sha256:0b731b31c50d795378b159269b1188029dc00449d691519c2fdf177329280e98
size 300
