version https://git-lfs.github.com/spec/v1
oid sha256:ccd2ce0a8737a8f9c7e16e1d9dfeddff44acf2a5985a964fe817e95ee9817442
size 59
