version https://git-lfs.github.com/spec/v1
oid sha256:07060cea965a31500fdaff35718bfe14ec80686d0d9dafa4fbec498ac77ebecf
size 13
