version https://git-lfs.github.com/spec/v1
oid sha256:8a8505729bf8dca29f573b77b204b797c308f82f4693877b01cd38a35823a2f7
size 84
