version https://git-lfs.github.com/spec/v1
oid sha256:3ea43003a6b86ef1ce3a5b0e6b6b7f66e822c5ae9320bd2ad1dbb58f209ac7bc
size 25
